created graph simpleGraph

added node A to simpleGraph
added node B to simpleGraph
added node C to simpleGraph

added edge 3.000 from A to B in simpleGraph
added edge 2.000 from B to C in simpleGraph
added edge 5.500 from A to C in simpleGraph

unknown: D

unknown: D

unknown: D
unknown: E