created graph simpleGraph

added node A to simpleGraph
added node B to simpleGraph
added node C to simpleGraph

added edge 3.000 from A to B in simpleGraph

path from A to B:
A to B with weight 3.000
total cost: 3.000

