created graph simpleGraph

added node A to simpleGraph
added node B to simpleGraph
added node C to simpleGraph

added edge 3.000 from A to B in simpleGraph
added edge 2.000 from B to C in simpleGraph
added edge 5.500 from A to C in simpleGraph

path from A to C:
A to B with weight 3.000
B to C with weight 2.000
total cost: 5.000